
> website@0.1.0 build
> next build

Γû▓ Next.js 16.1.6 (Turbopack)
- Environments: .env.local, .env

  Creating an optimized production build ...
Γ£ô Compiled successfully in 1911.0ms
  Running TypeScript ...
  Collecting page data using 15 workers ...
  Generating static pages using 15 workers (0/12) ...
  Generating static pages using 15 workers (3/12) 
  Generating static pages using 15 workers (6/12) 
  Generating static pages using 15 workers (9/12) 
Γ£ô Generating static pages using 15 workers (12/12) in 786.2ms
  Finalizing page optimization ...

Route (app)
Γöî Γùï /
Γö£ Γùï /_not-found
Γö£ Γùï /admin/leads
Γö£ ╞Æ /api/leads-to-sheets
Γö£ Γùï /contacto
Γö£ Γùï /empresas
Γö£ Γùï /faq
Γö£ Γùï /mentoria-mujeres-ejecutivas
Γö£ Γùï /sobre-maria
Γöö Γùï /testimonios


Γùï  (Static)   prerendered as static content
╞Æ  (Dynamic)  server-rendered on demand

